// Jest Snapshot v1, https://goo.gl/fbAQLP

exports[`History renders correctly 1`] = `<div />`;
