// Jest Snapshot v1, https://goo.gl/fbAQLP

exports[`App renders correctly 1`] = `
<div
  className="app"
>
  <div
    className="container"
  >
    <div
      className="app"
    >
      <div
        className="container"
      >
        Welcome to the Game of Life.
        <br />
        <br />
        Click here to log in 
        <button
          onClick={[Function]}
        >
          Log in
        </button>
        <br />
        <br />
        Or here if you don't have an account already 
        <button
          onClick={[Function]}
        >
          Register
        </button>
      </div>
    </div>
  </div>
</div>
`;
